// Jest Snapshot v1, https://goo.gl/fbAQLP

exports[`<Profile /> 스냅샷 매칭 1`] = `
<Profile
  name="김정수"
  username="ssukim"
>
  <div>
    <b>
      ssukim
    </b>
     
    <span>
      (
      김정수
      )
    </span>
  </div>
</Profile>
`;
